2026-10-04T13:40:43.722225+00:00 raydio-vnic raydio[40011]: 2026-10-04T13:40:43.722167Z  INFO raydio::runtime: Command received guild=1544468012491346110 interaction=1556300037598740571 command="play"
2026-10-04T13:40:44.064241+00:00 raydio-vnic raydio[40011]: 2026-10-04T13:40:44.064069Z  INFO raydio::discord: Interaction acknowledged guild=1544468012491346110 interaction=1556300037598740571 elapsed_ms=341
2026-10-04T13:40:44.064241+00:00 raydio-vnic raydio[40011]: 2026-10-04T13:40:44.064141Z  INFO raydio::session: Play request preparing guild=1544468012491346110 interaction=1556300037598740571
2026-10-04T13:40:44.064241+00:00 raydio-vnic raydio[40011]: 2026-10-04T13:40:44.064155Z  INFO raydio::session: Play request admitted guild=1544468012491346110 sequence=1
2026-10-04T13:40:45.089816+00:00 raydio-vnic raydio[40011]: 2026-10-04T13:40:45.089751Z  INFO raydio::session: Play source resolution completed guild=1544468012491346110 sequence=1 elapsed_ms=1025 success=true
2026-10-04T13:40:45.830025+00:00 raydio-vnic raydio[40011]: 2026-10-04T13:40:45.829075Z  INFO crust_oto_adapter: DAVE control processed and replies written connection_generation=1 opcode=25 transition_id=None epoch=None replies=1
2026-10-04T13:40:45.833705+00:00 raydio-vnic raydio[40011]: 2026-10-04T13:40:45.833670Z  INFO crust_oto_adapter: DAVE control processed and replies written connection_generation=1 opcode=27 transition_id=None epoch=None replies=1
2026-10-04T13:40:45.837743+00:00 raydio-vnic raydio[40011]: 2026-10-04T13:40:45.837677Z  INFO crust_oto_adapter: DAVE lifecycle transition connection_generation=1 opcode=29 before=DaveContext { active_version: 0, transition_pending: false, ready: false } after=DaveContext { active_version: 1, transition_pending: false, ready: true }
2026-10-04T13:40:45.837743+00:00 raydio-vnic raydio[40011]: 2026-10-04T13:40:45.837708Z  INFO crust_oto_adapter: DAVE control processed and replies written connection_generation=1 opcode=29 transition_id=Some(0) epoch=None replies=0
2026-10-04T13:40:47.905510+00:00 raydio-vnic raydio[40011]: 2026-10-04T13:40:47.905449Z  INFO mantle_media::startup: progressive cache wait: position_bytes=0 needed_bytes=262144 wait_ms=459.584
2026-10-04T13:40:47.905510+00:00 raydio-vnic raydio[40011]: 2026-10-04T13:40:47.905483Z  INFO mantle_media::startup: HTTP media opened: source_bytes=3381370 response_ms=523.229 staging_ms=459.837 staged=true
2026-10-04T13:40:47.906938+00:00 raydio-vnic raydio[40011]: 2026-10-04T13:40:47.905843Z  INFO crust_mantle_adapter::startup: YouTube playback prepared client=Web discovery_ms=1096.383322 handoff_ms=983.4366060000001 total_ms=2079.820229 failed_handoffs=0
2026-10-04T13:40:47.907321+00:00 raydio-vnic raydio[40011]: 2026-10-04T13:40:47.907292Z  INFO raydio::session: track started generation=1 guild_id=1544468012491346110 queued_tracks=0
2026-10-04T13:40:48.235246+00:00 raydio-vnic raydio[40011]: 2026-10-04T13:40:48.235146Z  INFO raydio::discord: Interaction response completed guild=1544468012491346110 interaction=1556300037598740571
2026-10-04T13:40:53.893443+00:00 raydio-vnic raydio[40011]: 2026-10-04T13:40:53.893388Z  INFO mantle_media::startup: progressive cache finished: source_bytes=3381370 available_bytes=3381370 elapsed_ms=6447.472 failure=None
2026-10-04T13:41:16.334535+00:00 raydio-vnic raydio[40011]: 2026-10-04T13:41:16.334399Z  INFO raydio::runtime: Command received guild=1544468012491346110 interaction=1556300174316535888 command=""
2026-10-04T13:41:16.545031+00:00 raydio-vnic raydio[40011]: 2026-10-04T13:41:16.544944Z  INFO raydio::discord: Interaction acknowledged guild=1544468012491346110 interaction=1556300174316535888 elapsed_ms=209
2026-10-04T13:41:16.627994+00:00 raydio-vnic raydio[40011]: 2026-10-04T13:41:16.627860Z  INFO crust_oto_adapter: audio sender stopped frames_sent=1432 silence_frames_sent=5 frames_unavailable=5 skipped_deadlines=0 send_failures=0 source_overruns=0 max_lateness_us=6426 phase=Stopped failure=None dave_failure=None dave_context=None
2026-10-04T13:41:51.944904+00:00 raydio-vnic raydio[40011]: 2026-10-04T13:41:51.944845Z  INFO raydio::runtime: Command received guild=1544468012491346110 interaction=1556300323683958885 command="play"
2026-10-04T13:41:52.411687+00:00 raydio-vnic raydio[40011]: 2026-10-04T13:41:52.411625Z  INFO raydio::discord: Interaction acknowledged guild=1544468012491346110 interaction=1556300323683958885 elapsed_ms=466
2026-10-04T13:41:52.411854+00:00 raydio-vnic raydio[40011]: 2026-10-04T13:41:52.411757Z  INFO raydio::session: Play request preparing guild=1544468012491346110 interaction=1556300323683958885
2026-10-04T13:41:52.411854+00:00 raydio-vnic raydio[40011]: 2026-10-04T13:41:52.411772Z  INFO raydio::session: Play request admitted guild=1544468012491346110 sequence=2
2026-10-04T13:41:52.667484+00:00 raydio-vnic raydio[40011]: 2026-10-04T13:41:52.667361Z  INFO raydio::session: Play source resolution completed guild=1544468012491346110 sequence=2 elapsed_ms=255 success=true
2026-10-04T13:41:53.269794+00:00 raydio-vnic raydio[40011]: 2026-10-04T13:41:53.269746Z  INFO crust_oto_adapter: DAVE control processed and replies written connection_generation=1 opcode=25 transition_id=None epoch=None replies=1
2026-10-04T13:41:53.275211+00:00 raydio-vnic raydio[40011]: 2026-10-04T13:41:53.275172Z  INFO crust_oto_adapter: DAVE control processed and replies written connection_generation=1 opcode=27 transition_id=None epoch=None replies=1
2026-10-04T13:41:53.279845+00:00 raydio-vnic raydio[40011]: 2026-10-04T13:41:53.279783Z  INFO crust_oto_adapter: DAVE lifecycle transition connection_generation=1 opcode=29 before=DaveContext { active_version: 0, transition_pending: false, ready: false } after=DaveContext { active_version: 1, transition_pending: false, ready: true }
2026-10-04T13:41:53.279845+00:00 raydio-vnic raydio[40011]: 2026-10-04T13:41:53.279815Z  INFO crust_oto_adapter: DAVE control processed and replies written connection_generation=1 opcode=29 transition_id=Some(0) epoch=None replies=0
2026-10-04T13:41:54.929770+00:00 raydio-vnic raydio[40011]: 2026-10-04T13:41:54.929683Z  INFO mantle_media::startup: progressive cache wait: position_bytes=0 needed_bytes=262144 wait_ms=731.901
2026-10-04T13:41:54.929770+00:00 raydio-vnic raydio[40011]: 2026-10-04T13:41:54.929737Z  INFO mantle_media::startup: HTTP media opened: source_bytes=4167934 response_ms=793.795 staging_ms=732.169 staged=true
2026-10-04T13:41:54.930310+00:00 raydio-vnic raydio[40011]: 2026-10-04T13:41:54.930181Z  INFO crust_mantle_adapter::startup: YouTube playback prepared client=Web discovery_ms=136.710637 handoff_ms=1526.4180889999998 total_ms=1663.1290960000001 failed_handoffs=0
2026-10-04T13:41:54.931452+00:00 raydio-vnic raydio[40011]: 2026-10-04T13:41:54.931207Z  INFO raydio::session: track started generation=2 guild_id=1544468012491346110 queued_tracks=0
2026-10-04T13:41:55.351512+00:00 raydio-vnic raydio[40011]: 2026-10-04T13:41:55.351416Z  INFO raydio::discord: Interaction response completed guild=1544468012491346110 interaction=1556300323683958885
2026-10-04T13:41:59.195341+00:00 raydio-vnic raydio[40011]: 2026-10-04T13:41:59.195284Z  INFO mantle_media::startup: progressive cache finished: source_bytes=4167934 available_bytes=4167934 elapsed_ms=4997.438 failure=None
2026-10-04T13:42:10.247096+00:00 raydio-vnic raydio[40011]: 2026-10-04T13:42:10.247042Z  INFO raydio::runtime: Command received guild=1544468012491346110 interaction=1556300400334737446 command=""
2026-10-04T13:42:10.458030+00:00 raydio-vnic raydio[40011]: 2026-10-04T13:42:10.457969Z  INFO raydio::discord: Interaction acknowledged guild=1544468012491346110 interaction=1556300400334737446 elapsed_ms=210
2026-10-04T13:42:53.430387+00:00 raydio-vnic raydio[40011]: 2026-10-04T13:42:53.430121Z  INFO crust_oto_adapter: voice diagnostic checkpoint connection_generation=1 connection_phase=Connected failure=None audio=Some(AudioSnapshot { generation: SourceGeneration(1), phase: Sending, failure: None, dave_failure: None, dave_context: None, stats: AudioStats { frames_sent: 2925, silence_frames_sent: 0, frames_unavailable: 0, skipped_deadlines: 0, send_failures: 0, source_overruns: 0, max_lateness: 13.814782ms, last_source_overrun_wall: 0ns, last_source_overrun_cpu: 0ns, active_send_gaps_40ms: 0, active_send_gaps_100ms: 0, active_send_gaps_1s: 0, max_active_send_gap: 0ns, last_active_send_gap: 0ns, last_active_send_gap_unix_ms: 0 } }) audio_queue_pending_ms=20 isolated_audio_worker=false
2026-10-04T13:43:53.429852+00:00 raydio-vnic raydio[40011]: 2026-10-04T13:43:53.429791Z  INFO crust_oto_adapter: voice diagnostic checkpoint connection_generation=1 connection_phase=Connected failure=None audio=Some(AudioSnapshot { generation: SourceGeneration(1), phase: Sending, failure: None, dave_failure: None, dave_context: None, stats: AudioStats { frames_sent: 5925, silence_frames_sent: 0, frames_unavailable: 0, skipped_deadlines: 0, send_failures: 0, source_overruns: 0, max_lateness: 13.814782ms, last_source_overrun_wall: 0ns, last_source_overrun_cpu: 0ns, active_send_gaps_40ms: 0, active_send_gaps_100ms: 0, active_send_gaps_1s: 0, max_active_send_gap: 0ns, last_active_send_gap: 0ns, last_active_send_gap_unix_ms: 0 } }) audio_queue_pending_ms=20 isolated_audio_worker=false
2026-10-04T13:44:53.429680+00:00 raydio-vnic raydio[40011]: 2026-10-04T13:44:53.429612Z  INFO crust_oto_adapter: voice diagnostic checkpoint connection_generation=1 connection_phase=Connected failure=None audio=Some(AudioSnapshot { generation: SourceGeneration(1), phase: Sending, failure: None, dave_failure: None, dave_context: None, stats: AudioStats { frames_sent: 8917, silence_frames_sent: 0, frames_unavailable: 0, skipped_deadlines: 7, send_failures: 0, source_overruns: 0, max_lateness: 41.187112ms, last_source_overrun_wall: 0ns, last_source_overrun_cpu: 0ns, active_send_gaps_40ms: 4, active_send_gaps_100ms: 0, active_send_gaps_1s: 0, max_active_send_gap: 59.931932ms, last_active_send_gap: 58.85657ms, last_active_send_gap_unix_ms: 1791121438491 } }) audio_queue_pending_ms=20 isolated_audio_worker=false
2026-10-04T13:45:53.430158+00:00 raydio-vnic raydio[40011]: 2026-10-04T13:45:53.430034Z  INFO crust_oto_adapter: voice diagnostic checkpoint connection_generation=1 connection_phase=Connected failure=None audio=Some(AudioSnapshot { generation: SourceGeneration(1), phase: Sending, failure: None, dave_failure: None, dave_context: None, stats: AudioStats { frames_sent: 11906, silence_frames_sent: 0, frames_unavailable: 0, skipped_deadlines: 16, send_failures: 0, source_overruns: 0, max_lateness: 41.187112ms, last_source_overrun_wall: 0ns, last_source_overrun_cpu: 0ns, active_send_gaps_40ms: 8, active_send_gaps_100ms: 0, active_send_gaps_1s: 0, max_active_send_gap: 59.931932ms, last_active_send_gap: 58.836632ms, last_active_send_gap_unix_ms: 1791121505391 } }) audio_queue_pending_ms=20 isolated_audio_worker=false
2026-10-04T13:46:04.493386+00:00 raydio-vnic raydio[40011]: 2026-10-04T13:46:04.493150Z  INFO raydio::session: track finished generation=2 position_ms=249140 guild_id=1544468012491346110 queued_tracks=0
2026-10-04T13:46:04.494834+00:00 raydio-vnic raydio[40011]: 2026-10-04T13:46:04.494804Z  INFO raydio::session: track started generation=3 guild_id=1544468012491346110 queued_tracks=0
2026-10-04T13:46:53.430201+00:00 raydio-vnic raydio[40011]: 2026-10-04T13:46:53.430108Z  INFO crust_oto_adapter: voice diagnostic checkpoint connection_generation=1 connection_phase=Connected failure=None audio=Some(AudioSnapshot { generation: SourceGeneration(2), phase: Sending, failure: None, dave_failure: None, dave_context: None, stats: AudioStats { frames_sent: 14906, silence_frames_sent: 0, frames_unavailable: 0, skipped_deadlines: 16, send_failures: 0, source_overruns: 0, max_lateness: 41.187112ms, last_source_overrun_wall: 0ns, last_source_overrun_cpu: 0ns, active_send_gaps_40ms: 8, active_send_gaps_100ms: 0, active_send_gaps_1s: 0, max_active_send_gap: 59.931932ms, last_active_send_gap: 58.836632ms, last_active_send_gap_unix_ms: 1791121505391 } }) audio_queue_pending_ms=20 isolated_audio_worker=false
