   Compiling raydio v0.2.2 (/home/rayan/Documents/Projects/raydio-rust)
    Finished `test` profile [unoptimized] target(s) in 18.78s
     Running unittests src/lib.rs (target/debug/deps/raydio-12d2aab6c74cefb9)

running 66 tests
test backend::buffering_tests::prefix_is_bounded_and_complete_staging_remains_available ... ok
test commands::tests::all_nineteen_commands_keep_the_original_options_and_scope ... ok
test commands::tests::assigned_metadata_and_order_do_not_require_a_command_rewrite ... ok
test commands::tests::observed_discord_response_defaults_match_the_manifest ... ok
test config::tests::defaults_match_counterpart ... ok
test config::tests::invalid_configuration_never_quotes_the_value ... ok
test config::tests::testbot_selection_is_explicit ... ok
test discord::tests::acknowledgement_checks_acceptance_when_http_response_is_lost ... ok
test discord::tests::response_body_is_included_in_the_completion_deadline ... ok
test discord::tests::terminal_acknowledgement_errors_do_not_execute_a_command ... ok
test node::tests::audio_windows_replace_values_and_ignore_incomplete_samples ... ok
test node::tests::preparation_extension_uses_the_active_session_and_preserves_playback ... ok
test playback::tests::bounded_history_and_stop_reset ... ok
test playback::tests::current_counts_towards_admission_limit ... ok
test playback::tests::durations_are_stable ... ok
test playback::tests::empty_enqueue_is_harmless ... ok
test playback::tests::failures_stop_at_three_without_recording_failed_history ... ok
test playback::tests::jump_preserves_other_upcoming_tracks ... ok
test playback::tests::natural_end_records_history_but_track_loop_does_not ... ok
test playback::tests::positions_are_one_based_and_invalid_operations_are_inert ... ok
test playback::tests::preparation_tracks_the_natural_successor_and_has_a_bounded_lead ... ok
test playback::tests::previous_capacity_refusal_is_transactional_in_all_loop_modes ... ok
test playback::tests::previous_undoes_queue_loop_duplication ... ok
test playback::tests::skip_bypasses_all_loops ... ok
test playback::tests::success_resets_failure_streak ... ok
test playback::tests::unknown_finite_duration_does_not_trigger_preparation ... ok
test resolver::tests::direct_input_does_not_enqueue_a_whole_search ... ok
test resolver::tests::invalid_source_cannot_become_a_search_choice ... ok
test resolver::tests::load_errors_are_distinct_from_empty_results ... ok
test resolver::tests::malformed_containers_fail_without_panicking ... ok
test resolver::tests::playlist_limits_count_omitted_and_unsuitable_separately ... ok
test runtime::tests::autocomplete_hydrates_missing_bot_roles_before_voice_admission ... ok
test service::tests::readiness_is_sent_to_service_manager ... ok
test session::tests::cleanup_drains_completed_and_inflight_preparation_acknowledgements ... ok
test session::tests::controls_recheck_voice_and_apply_real_backend_volume ... ok
test session::tests::delayed_load_rechecks_caller_voice_before_committing ... ok
test session::tests::failed_replacement_keeps_controls_and_deletion_retries_are_bounded ... ok
test session::tests::fresh_progress_and_stale_updates_preserve_unfinished_playback ... ok
test session::tests::idle_alone_and_end_deadlines_cleanup_or_advance ... ok
test session::tests::pause_button_applies_audio_before_progress_finishes_and_edits_in_order ... ok
test session::tests::paused_panel_reconciliation_corrects_stale_state_and_stops_polling ... ok
test session::tests::paused_time_does_not_consume_the_end_watchdog ... ok
test session::tests::queue_controls_drive_crust_and_cleanup_preserves_voice_rules ... ok
test session::tests::queue_end_and_terminal_buttons_delete_panels_without_editing_deleted_responses ... ok
test session::tests::replacement_and_disconnect_delete_only_owned_panel_messages ... ok
test session::tests::same_player_stop_cancels_overtaken_intent_and_rejoin_prepares_again ... ok
test session::tests::slow_progress_edit_does_not_block_track_restart ... ok
test session::tests::stale_track_events_cannot_advance_a_repeated_encoded_track ... ok
test session::tests::stop_button_retires_panel_before_periodic_refresh ... ok
test session::tests::stop_cancels_inflight_and_waiting_plays_and_stale_completion_cannot_enqueue ... ok
test session::tests::synchronous_start_failures_skip_bad_tracks_and_stop_after_three ... ok
test session::tests::unchanged_panels_skip_http_and_single_page_queue_retires_buttons ... ok
test session::tests::unknown_duration_has_no_metadata_end_deadline ... ok
test session::tests::unverifiable_stall_has_a_bound_and_is_never_natural_completion ... ok
test session::tests::verified_terminal_recovers_lost_end_once_with_correct_reason ... ok
test urls::tests::accepted_video_forms_and_searches ... ok
test urls::tests::media_only_and_no_arbitrary_network_targets ... ok
test urls::tests::mixed_links_keep_the_full_playlist ... ok
test views::tests::inactive_panels_have_no_controls ... ok
test views::tests::metadata_cannot_introduce_markdown_links ... ok
test views::tests::player_keeps_seven_controls_and_thumbnail ... ok
test views::tests::search_choices_are_unique_bounded_and_have_a_fallback_title ... ok
test views::tests::unknown_finite_duration_shows_elapsed_without_inventing_remaining_time ... ok
test views::tests::utf16_limits_do_not_split_emoji ... ok
test voice::tests::compact_channels_follow_permission_updates_limits_and_deletes ... ok
test voice::tests::private_voice_uses_role_aggregation_then_member_overwrites ... ok

test result: ok. 66 passed; 0 failed; 0 ignored; 0 measured; 0 filtered out; finished in 2.64s

     Running unittests src/main.rs (target/debug/deps/raydio-2b29621524107a48)

running 1 test
test tests::runtime_workers_are_bounded ... ok

test result: ok. 1 passed; 0 failed; 0 ignored; 0 measured; 0 filtered out; finished in 0.00s

     Running tests/backend.rs (target/debug/deps/backend-e87fba609907edb0)

running 1 test
test actual_crust_session_uses_ready_id_for_player_requests_and_shuts_down ... ok

test result: ok. 1 passed; 0 failed; 0 ignored; 0 measured; 0 filtered out; finished in 0.01s

     Running tests/reconnect.rs (target/debug/deps/reconnect-3e2d5e3c7cc640e7)

running 1 test
test reconnect_preserves_resumed_sessions_and_invalidates_replacements ... ok

test result: ok. 1 passed; 0 failed; 0 ignored; 0 measured; 0 filtered out; finished in 2.03s

   Doc-tests raydio

running 0 tests

test result: ok. 0 passed; 0 failed; 0 ignored; 0 measured; 0 filtered out; finished in 0.00s

