   Compiling crust-oto-adapter v0.0.0 (/home/rayan/Documents/Projects/crust/crates/crust-oto-adapter)
    Finished `test` profile [unoptimized + debuginfo] target(s) in 5.97s
     Running unittests src/lib.rs (target/debug/deps/crust_oto_adapter-9916a6a4993059ae)

running 20 tests
test audit_notify_interleaving::source_wait_registration_precedes_durable_failure_check ... AUDIT notify: deferred_notification_missed=false, failure_retained=true, eager_wait_ready=true
ok
test tests::abort_before_producer_starts_wakes_pending_consumer ... ok
test tests::backend_shutdown_polls_all_connections_concurrently ... ok
test tests::bridge_is_capacity_one_and_pulls_again_only_after_consumption ... ok
test tests::concurrent_publication_preserves_every_frame_and_terminal_order ... ok
test tests::dropped_lifecycle_waiters_complete_before_replacement_and_shutdown ... ok
test tests::dropped_stop_during_silence_drain_cannot_strand_busy ... ok
test tests::empty_path_replaces_the_waker_and_wakes_on_nonempty_transition ... ok
test tests::p10_bridge_target_scale_benchmark_report ... ignored, manual release-profile voice bridge benchmark; run with --ignored --nocapture
test tests::paused_source_failure_wakes_event_delivery_without_gateway_activity ... ok
test tests::pending_consumer_wakes_when_the_producer_is_cancelled ... ok
test tests::ready_ring_frame_does_not_depend_on_tokio_cooperative_budget ... ok
test tests::real_adapter_connects_idles_sends_replaces_stops_and_shuts_down ... ok
test tests::real_adapter_maps_ping_resume_fresh_info_and_terminal_close ... ok
test tests::real_adapter_never_starts_plaintext_audio_when_dave_is_required ... ok
test tests::real_event_ring_lag_reconciles_ready_and_retained_close ... ok
test tests::source_failure_is_retained_for_typed_event_delivery ... ok
test tests::terminal_audio_failure_is_reported_instead_of_leaving_a_playing_zombie ... ok
test tests::terminal_transition_wakes_pending_consumer_without_polling ... ok
test tests::undersized_oto_output_fails_instead_of_emitting_an_empty_frame ... ok

test result: ok. 19 passed; 0 failed; 1 ignored; 0 measured; 0 filtered out; finished in 10.70s

