2026-10-04T02:26:17.753782Z  INFO raydio::backend: finite source buffering configured progressive_buffer_bytes=262144 staging_max_bytes=16777216
2026-10-04T02:26:19.612599Z  INFO raydio::runtime: Raydio ready bot_id=1536086112421019729
2026-10-04T02:31:56.028560Z  INFO raydio::runtime: Command received guild=1544468012491346110 interaction=1556131729729916971 command="play"
2026-10-04T02:31:56.374075Z  INFO raydio::discord: Interaction acknowledged guild=1544468012491346110 interaction=1556131729729916971 elapsed_ms=345
2026-10-04T02:31:56.374155Z  INFO raydio::session: Play request preparing guild=1544468012491346110 interaction=1556131729729916971
2026-10-04T02:31:56.374174Z  INFO raydio::session: Play request admitted guild=1544468012491346110 sequence=1
2026-10-04T02:31:58.034618Z  INFO raydio::session: Play source resolution completed guild=1544468012491346110 sequence=1 elapsed_ms=1660 success=true
2026-10-04T02:32:00.583086Z  INFO mantle_media::startup: progressive cache wait: position_bytes=0 needed_bytes=262144 wait_ms=629.590
2026-10-04T02:32:00.583120Z  INFO mantle_media::startup: HTTP media opened: source_bytes=3433755 response_ms=1128.068 staging_ms=629.863 staged=true
2026-10-04T02:32:00.583574Z  INFO crust_mantle_adapter::startup: YouTube playback prepared client=Web discovery_ms=291.720781 handoff_ms=1758.3958559999999 total_ms=2050.116959 failed_handoffs=0
2026-10-04T02:32:01.126685Z  INFO raydio::discord: Interaction response completed guild=1544468012491346110 interaction=1556131729729916971
2026-10-04T02:32:01.126807Z  INFO raydio::session: track started generation=1 guild_id=1544468012491346110 queued_tracks=0
2026-10-04T02:32:03.884972Z  INFO mantle_media::startup: progressive cache finished: source_bytes=3433755 available_bytes=3433755 elapsed_ms=3931.415 failure=None
2026-10-04T02:32:15.159451Z  INFO raydio::runtime: Command received guild=1544468012491346110 interaction=1556131809878741113 command="play"
2026-10-04T02:32:15.452874Z  INFO raydio::discord: Interaction acknowledged guild=1544468012491346110 interaction=1556131809878741113 elapsed_ms=293
2026-10-04T02:32:15.452940Z  INFO raydio::session: Play request preparing guild=1544468012491346110 interaction=1556131809878741113
2026-10-04T02:32:15.452954Z  INFO raydio::session: Play request admitted guild=1544468012491346110 sequence=2
2026-10-04T02:32:15.660444Z  INFO raydio::session: Play source resolution completed guild=1544468012491346110 sequence=2 elapsed_ms=207 success=true
2026-10-04T02:32:15.977589Z  INFO raydio::discord: Interaction response completed guild=1544468012491346110 interaction=1556131809878741113
2026-10-04T02:32:58.756535Z  INFO crust_oto_adapter: voice diagnostic checkpoint connection_generation=1 connection_phase=Connected failure=None audio=Some(AudioSnapshot { generation: SourceGeneration(1), phase: Sending, failure: None, dave_failure: None, dave_context: None, stats: AudioStats { frames_sent: 2849, silence_frames_sent: 0, frames_unavailable: 0, skipped_deadlines: 50, send_failures: 0, source_overruns: 0, max_lateness: 62.155473ms, last_source_overrun_wall: 0ns, last_source_overrun_cpu: 0ns, active_send_gaps_40ms: 20, active_send_gaps_100ms: 0, active_send_gaps_1s: 0, max_active_send_gap: 80.628283ms, last_active_send_gap: 79.182627ms, last_active_send_gap_unix_ms: 1791081155092 } }) audio_queue_pending_ms=20 isolated_audio_worker=false
2026-10-04T02:33:58.755912Z  INFO crust_oto_adapter: voice diagnostic checkpoint connection_generation=1 connection_phase=Connected failure=None audio=Some(AudioSnapshot { generation: SourceGeneration(1), phase: Sending, failure: None, dave_failure: None, dave_context: None, stats: AudioStats { frames_sent: 5849, silence_frames_sent: 0, frames_unavailable: 0, skipped_deadlines: 50, send_failures: 0, source_overruns: 0, max_lateness: 62.155473ms, last_source_overrun_wall: 0ns, last_source_overrun_cpu: 0ns, active_send_gaps_40ms: 20, active_send_gaps_100ms: 0, active_send_gaps_1s: 0, max_active_send_gap: 80.628283ms, last_active_send_gap: 79.182627ms, last_active_send_gap_unix_ms: 1791081155092 } }) audio_queue_pending_ms=20 isolated_audio_worker=false
2026-10-04T02:34:26.719947Z  INFO raydio::runtime: Command received guild=1544468012491346110 interaction=1556132361823981669 command="play"
2026-10-04T02:34:27.075331Z  INFO raydio::discord: Interaction acknowledged guild=1544468012491346110 interaction=1556132361823981669 elapsed_ms=354
2026-10-04T02:34:27.075391Z  INFO raydio::session: Play request preparing guild=1544468012491346110 interaction=1556132361823981669
2026-10-04T02:34:27.075407Z  INFO raydio::session: Play request admitted guild=1544468012491346110 sequence=3
2026-10-04T02:34:28.224152Z  INFO raydio::session: Play source resolution completed guild=1544468012491346110 sequence=3 elapsed_ms=1148 success=true
2026-10-04T02:34:28.749761Z  INFO raydio::discord: Interaction response completed guild=1544468012491346110 interaction=1556132361823981669
2026-10-04T02:34:58.756303Z  INFO crust_oto_adapter: voice diagnostic checkpoint connection_generation=1 connection_phase=Connected failure=None audio=Some(AudioSnapshot { generation: SourceGeneration(1), phase: Sending, failure: None, dave_failure: None, dave_context: None, stats: AudioStats { frames_sent: 8838, silence_frames_sent: 0, frames_unavailable: 0, skipped_deadlines: 60, send_failures: 0, source_overruns: 0, max_lateness: 63.878568ms, last_source_overrun_wall: 0ns, last_source_overrun_cpu: 0ns, active_send_gaps_40ms: 24, active_send_gaps_100ms: 0, active_send_gaps_1s: 0, max_active_send_gap: 81.8148ms, last_active_send_gap: 80.722903ms, last_active_send_gap_unix_ms: 1791081274993 } }) audio_queue_pending_ms=20 isolated_audio_worker=false
2026-10-04T02:35:35.054683Z  INFO raydio::session: track finished generation=1 position_ms=212780 guild_id=1544468012491346110 queued_tracks=2
2026-10-04T02:35:35.056060Z  INFO raydio::session: track started generation=2 guild_id=1544468012491346110 queued_tracks=1
2026-10-04T02:35:58.756589Z  INFO crust_oto_adapter: voice diagnostic checkpoint connection_generation=1 connection_phase=Connected failure=None audio=Some(AudioSnapshot { generation: SourceGeneration(2), phase: Sending, failure: None, dave_failure: None, dave_context: None, stats: AudioStats { frames_sent: 11838, silence_frames_sent: 0, frames_unavailable: 0, skipped_deadlines: 60, send_failures: 0, source_overruns: 0, max_lateness: 63.878568ms, last_source_overrun_wall: 0ns, last_source_overrun_cpu: 0ns, active_send_gaps_40ms: 24, active_send_gaps_100ms: 0, active_send_gaps_1s: 0, max_active_send_gap: 81.8148ms, last_active_send_gap: 80.722903ms, last_active_send_gap_unix_ms: 1791081274993 } }) audio_queue_pending_ms=20 isolated_audio_worker=false
2026-10-04T02:36:58.756176Z  INFO crust_oto_adapter: voice diagnostic checkpoint connection_generation=1 connection_phase=Connected failure=None audio=Some(AudioSnapshot { generation: SourceGeneration(2), phase: Sending, failure: None, dave_failure: None, dave_context: None, stats: AudioStats { frames_sent: 14838, silence_frames_sent: 0, frames_unavailable: 0, skipped_deadlines: 60, send_failures: 0, source_overruns: 0, max_lateness: 63.878568ms, last_source_overrun_wall: 0ns, last_source_overrun_cpu: 0ns, active_send_gaps_40ms: 24, active_send_gaps_100ms: 0, active_send_gaps_1s: 0, max_active_send_gap: 81.8148ms, last_active_send_gap: 80.722903ms, last_active_send_gap_unix_ms: 1791081274993 } }) audio_queue_pending_ms=20 isolated_audio_worker=false
2026-10-04T02:37:58.756374Z  INFO crust_oto_adapter: voice diagnostic checkpoint connection_generation=1 connection_phase=Connected failure=None audio=Some(AudioSnapshot { generation: SourceGeneration(2), phase: Sending, failure: None, dave_failure: None, dave_context: None, stats: AudioStats { frames_sent: 17838, silence_frames_sent: 0, frames_unavailable: 0, skipped_deadlines: 60, send_failures: 0, source_overruns: 0, max_lateness: 63.878568ms, last_source_overrun_wall: 0ns, last_source_overrun_cpu: 0ns, active_send_gaps_40ms: 24, active_send_gaps_100ms: 0, active_send_gaps_1s: 0, max_active_send_gap: 81.8148ms, last_active_send_gap: 80.722903ms, last_active_send_gap_unix_ms: 1791081274993 } }) audio_queue_pending_ms=20 isolated_audio_worker=false
2026-10-04T02:38:25.308926Z  INFO mantle_media::startup: progressive cache wait: position_bytes=0 needed_bytes=262144 wait_ms=292.765
2026-10-04T02:38:25.308959Z  INFO mantle_media::startup: HTTP media opened: source_bytes=4167934 response_ms=1031.702 staging_ms=293.067 staged=true
2026-10-04T02:38:25.309181Z  INFO crust_mantle_adapter::startup: YouTube playback prepared client=Web discovery_ms=226.725875 handoff_ms=1324.99922 total_ms=1551.725417 failed_handoffs=0
2026-10-04T02:38:25.309206Z  INFO crust_mantle_adapter::preparation: next track opened elapsed_ms=1551.7613749999998
2026-10-04T02:38:25.309602Z  INFO crust_mantle_adapter::preparation: next track ready
2026-10-04T02:38:28.251584Z  INFO mantle_media::startup: progressive cache finished: source_bytes=4167934 available_bytes=4167934 elapsed_ms=3235.369 failure=None
2026-10-04T02:38:58.756717Z  INFO crust_oto_adapter: voice diagnostic checkpoint connection_generation=1 connection_phase=Connected failure=None audio=Some(AudioSnapshot { generation: SourceGeneration(2), phase: Sending, failure: None, dave_failure: None, dave_context: None, stats: AudioStats { frames_sent: 20836, silence_frames_sent: 0, frames_unavailable: 0, skipped_deadlines: 61, send_failures: 0, source_overruns: 0, max_lateness: 63.878568ms, last_source_overrun_wall: 0ns, last_source_overrun_cpu: 0ns, active_send_gaps_40ms: 25, active_send_gaps_100ms: 0, active_send_gaps_1s: 0, max_active_send_gap: 81.8148ms, last_active_send_gap: 42.820372ms, last_active_send_gap_unix_ms: 1791081498617 } }) audio_queue_pending_ms=20 isolated_audio_worker=false
2026-10-04T02:39:08.138764Z  INFO raydio::session: track finished generation=2 position_ms=212680 guild_id=1544468012491346110 queued_tracks=1
2026-10-04T02:39:08.139112Z  INFO crust_mantle_adapter::preparation: prepared next track consumed
2026-10-04T02:39:08.140429Z  INFO raydio::session: track started generation=3 guild_id=1544468012491346110 queued_tracks=0
2026-10-04T02:39:58.756031Z  INFO crust_oto_adapter: voice diagnostic checkpoint connection_generation=1 connection_phase=Connected failure=None audio=Some(AudioSnapshot { generation: SourceGeneration(3), phase: Sending, failure: None, dave_failure: None, dave_context: None, stats: AudioStats { frames_sent: 23836, silence_frames_sent: 0, frames_unavailable: 0, skipped_deadlines: 61, send_failures: 0, source_overruns: 0, max_lateness: 63.878568ms, last_source_overrun_wall: 0ns, last_source_overrun_cpu: 0ns, active_send_gaps_40ms: 25, active_send_gaps_100ms: 0, active_send_gaps_1s: 0, max_active_send_gap: 81.8148ms, last_active_send_gap: 42.820372ms, last_active_send_gap_unix_ms: 1791081498617 } }) audio_queue_pending_ms=20 isolated_audio_worker=false
