Stopping raydio.service - Raydio Discord music bot...
raydio.service: Deactivated successfully.
Stopped raydio.service - Raydio Discord music bot.
raydio.service: Consumed 1min 4.244s CPU time, 15.5M memory peak, 0B memory swap peak.
Starting raydio.service - Raydio Discord music bot...
2026-10-03T17:55:39.671820Z  INFO raydio::backend: finite source buffering configured progressive_buffer_bytes=262144 staging_max_bytes=16777216
2026-10-03T17:55:41.359188Z  INFO raydio::runtime: Raydio ready bot_id=1536086112421019729
Started raydio.service - Raydio Discord music bot.
2026-10-03T17:55:58.655385Z  INFO raydio::runtime: Command received guild=1544468012491346110 interaction=1556001884894929076 command="play"
2026-10-03T17:55:59.048425Z  INFO raydio::discord: Interaction acknowledged guild=1544468012491346110 interaction=1556001884894929076 elapsed_ms=392
2026-10-03T17:55:59.048544Z  INFO raydio::session: Play request preparing guild=1544468012491346110 interaction=1556001884894929076
2026-10-03T17:55:59.048560Z  INFO raydio::session: Play request admitted guild=1544468012491346110 sequence=1
2026-10-03T17:56:00.105231Z  INFO raydio::session: Play source resolution completed guild=1544468012491346110 sequence=1 elapsed_ms=1056 success=true
2026-10-03T17:56:00.774535Z  INFO crust_oto_adapter: DAVE control processed and replies written connection_generation=1 opcode=25 transition_id=None epoch=None replies=1
2026-10-03T17:56:00.779515Z  INFO crust_oto_adapter: DAVE control processed and replies written connection_generation=1 opcode=27 transition_id=None epoch=None replies=1
2026-10-03T17:56:00.784582Z  INFO crust_oto_adapter: DAVE lifecycle transition connection_generation=1 opcode=29 before=DaveContext { active_version: 0, transition_pending: false, ready: false } after=DaveContext { active_version: 1, transition_pending: false, ready: true }
2026-10-03T17:56:00.784607Z  INFO crust_oto_adapter: DAVE control processed and replies written connection_generation=1 opcode=29 transition_id=Some(0) epoch=None replies=0
2026-10-03T17:56:03.403270Z  INFO mantle_media::startup: progressive cache wait: position_bytes=0 needed_bytes=262144 wait_ms=500.708
2026-10-03T17:56:03.403300Z  INFO mantle_media::startup: HTTP media opened: source_bytes=8934074 response_ms=1055.282 staging_ms=500.979 staged=true
2026-10-03T17:56:03.403774Z  INFO crust_mantle_adapter::startup: YouTube playback prepared client=Web discovery_ms=1075.168004 handoff_ms=1556.742763 total_ms=2631.911137 failed_handoffs=0
2026-10-03T17:56:03.741378Z  INFO raydio::discord: Interaction response completed guild=1544468012491346110 interaction=1556001884894929076
2026-10-03T17:56:03.741509Z  INFO raydio::session: track started generation=1 guild_id=1544468012491346110 queued_tracks=21
2026-10-03T17:56:21.391320Z  INFO mantle_media::startup: progressive cache finished: source_bytes=8934074 available_bytes=8934074 elapsed_ms=18488.706 failure=None
2026-10-03T17:57:01.674141Z  INFO crust_oto_adapter: voice diagnostic checkpoint connection_generation=1 connection_phase=Connected failure=None audio=Some(AudioSnapshot { generation: SourceGeneration(1), phase: Sending, failure: None, dave_failure: None, dave_context: None, stats: AudioStats { frames_sent: 2914, silence_frames_sent: 0, frames_unavailable: 0, skipped_deadlines: 0, send_failures: 0, source_overruns: 0, max_lateness: 14.28354ms, last_source_overrun_wall: 0ns, last_source_overrun_cpu: 0ns, active_send_gaps_40ms: 0, active_send_gaps_100ms: 0, active_send_gaps_1s: 0, max_active_send_gap: 0ns, last_active_send_gap: 0ns, last_active_send_gap_unix_ms: 0 } }) audio_queue_pending_ms=20 isolated_audio_worker=false
2026-10-03T17:58:01.673967Z  INFO crust_oto_adapter: voice diagnostic checkpoint connection_generation=1 connection_phase=Connected failure=None audio=Some(AudioSnapshot { generation: SourceGeneration(1), phase: Sending, failure: None, dave_failure: None, dave_context: None, stats: AudioStats { frames_sent: 5914, silence_frames_sent: 0, frames_unavailable: 0, skipped_deadlines: 0, send_failures: 0, source_overruns: 0, max_lateness: 14.28354ms, last_source_overrun_wall: 0ns, last_source_overrun_cpu: 0ns, active_send_gaps_40ms: 0, active_send_gaps_100ms: 0, active_send_gaps_1s: 0, max_active_send_gap: 0ns, last_active_send_gap: 0ns, last_active_send_gap_unix_ms: 0 } }) audio_queue_pending_ms=20 isolated_audio_worker=false
2026-10-03T17:59:01.674183Z  INFO crust_oto_adapter: voice diagnostic checkpoint connection_generation=1 connection_phase=Connected failure=None audio=Some(AudioSnapshot { generation: SourceGeneration(1), phase: Sending, failure: None, dave_failure: None, dave_context: None, stats: AudioStats { frames_sent: 8914, silence_frames_sent: 0, frames_unavailable: 0, skipped_deadlines: 0, send_failures: 0, source_overruns: 0, max_lateness: 17.232171ms, last_source_overrun_wall: 0ns, last_source_overrun_cpu: 0ns, active_send_gaps_40ms: 0, active_send_gaps_100ms: 0, active_send_gaps_1s: 0, max_active_send_gap: 0ns, last_active_send_gap: 0ns, last_active_send_gap_unix_ms: 0 } }) audio_queue_pending_ms=20 isolated_audio_worker=false
2026-10-03T18:00:01.674363Z  INFO crust_oto_adapter: voice diagnostic checkpoint connection_generation=1 connection_phase=Connected failure=None audio=Some(AudioSnapshot { generation: SourceGeneration(1), phase: Sending, failure: None, dave_failure: None, dave_context: None, stats: AudioStats { frames_sent: 11914, silence_frames_sent: 0, frames_unavailable: 0, skipped_deadlines: 0, send_failures: 0, source_overruns: 0, max_lateness: 17.232171ms, last_source_overrun_wall: 0ns, last_source_overrun_cpu: 0ns, active_send_gaps_40ms: 0, active_send_gaps_100ms: 0, active_send_gaps_1s: 0, max_active_send_gap: 0ns, last_active_send_gap: 0ns, last_active_send_gap_unix_ms: 0 } }) audio_queue_pending_ms=20 isolated_audio_worker=false
2026-10-03T18:01:01.673840Z  INFO crust_oto_adapter: voice diagnostic checkpoint connection_generation=1 connection_phase=Connected failure=None audio=Some(AudioSnapshot { generation: SourceGeneration(1), phase: Sending, failure: None, dave_failure: None, dave_context: None, stats: AudioStats { frames_sent: 14914, silence_frames_sent: 0, frames_unavailable: 0, skipped_deadlines: 0, send_failures: 0, source_overruns: 0, max_lateness: 17.232171ms, last_source_overrun_wall: 0ns, last_source_overrun_cpu: 0ns, active_send_gaps_40ms: 0, active_send_gaps_100ms: 0, active_send_gaps_1s: 0, max_active_send_gap: 0ns, last_active_send_gap: 0ns, last_active_send_gap_unix_ms: 0 } }) audio_queue_pending_ms=20 isolated_audio_worker=false
2026-10-03T18:02:01.674341Z  INFO crust_oto_adapter: voice diagnostic checkpoint connection_generation=1 connection_phase=Connected failure=None audio=Some(AudioSnapshot { generation: SourceGeneration(1), phase: Sending, failure: None, dave_failure: None, dave_context: None, stats: AudioStats { frames_sent: 17914, silence_frames_sent: 0, frames_unavailable: 0, skipped_deadlines: 0, send_failures: 0, source_overruns: 0, max_lateness: 17.232171ms, last_source_overrun_wall: 0ns, last_source_overrun_cpu: 0ns, active_send_gaps_40ms: 0, active_send_gaps_100ms: 0, active_send_gaps_1s: 0, max_active_send_gap: 0ns, last_active_send_gap: 0ns, last_active_send_gap_unix_ms: 0 } }) audio_queue_pending_ms=20 isolated_audio_worker=false
2026-10-03T18:03:01.674288Z  INFO crust_oto_adapter: voice diagnostic checkpoint connection_generation=1 connection_phase=Connected failure=None audio=Some(AudioSnapshot { generation: SourceGeneration(1), phase: Sending, failure: None, dave_failure: None, dave_context: None, stats: AudioStats { frames_sent: 20914, silence_frames_sent: 0, frames_unavailable: 0, skipped_deadlines: 0, send_failures: 0, source_overruns: 0, max_lateness: 17.232171ms, last_source_overrun_wall: 0ns, last_source_overrun_cpu: 0ns, active_send_gaps_40ms: 0, active_send_gaps_100ms: 0, active_send_gaps_1s: 0, max_active_send_gap: 0ns, last_active_send_gap: 0ns, last_active_send_gap_unix_ms: 0 } }) audio_queue_pending_ms=20 isolated_audio_worker=false
2026-10-03T18:04:01.673899Z  INFO crust_oto_adapter: voice diagnostic checkpoint connection_generation=1 connection_phase=Connected failure=None audio=Some(AudioSnapshot { generation: SourceGeneration(1), phase: Sending, failure: None, dave_failure: None, dave_context: None, stats: AudioStats { frames_sent: 23914, silence_frames_sent: 0, frames_unavailable: 0, skipped_deadlines: 0, send_failures: 0, source_overruns: 0, max_lateness: 17.232171ms, last_source_overrun_wall: 0ns, last_source_overrun_cpu: 0ns, active_send_gaps_40ms: 0, active_send_gaps_100ms: 0, active_send_gaps_1s: 0, max_active_send_gap: 0ns, last_active_send_gap: 0ns, last_active_send_gap_unix_ms: 0 } }) audio_queue_pending_ms=20 isolated_audio_worker=false
2026-10-03T18:04:46.044599Z  INFO mantle_media::startup: progressive cache wait: position_bytes=0 needed_bytes=262144 wait_ms=415.719
2026-10-03T18:04:46.044631Z  INFO mantle_media::startup: HTTP media opened: source_bytes=9731564 response_ms=1191.922 staging_ms=415.993 staged=true
2026-10-03T18:04:46.045063Z  INFO crust_mantle_adapter::startup: YouTube playback prepared client=Web discovery_ms=779.775566 handoff_ms=1608.3667959999998 total_ms=2388.142712 failed_handoffs=0
2026-10-03T18:04:53.740303Z  INFO mantle_media::startup: progressive cache finished: source_bytes=9731564 available_bytes=9731564 elapsed_ms=8111.312 failure=None
2026-10-03T18:05:01.674016Z  INFO crust_oto_adapter: voice diagnostic checkpoint connection_generation=1 connection_phase=Connected failure=None audio=Some(AudioSnapshot { generation: SourceGeneration(1), phase: Sending, failure: None, dave_failure: None, dave_context: None, stats: AudioStats { frames_sent: 26914, silence_frames_sent: 0, frames_unavailable: 0, skipped_deadlines: 0, send_failures: 0, source_overruns: 0, max_lateness: 17.232171ms, last_source_overrun_wall: 0ns, last_source_overrun_cpu: 0ns, active_send_gaps_40ms: 0, active_send_gaps_100ms: 0, active_send_gaps_1s: 0, max_active_send_gap: 0ns, last_active_send_gap: 0ns, last_active_send_gap_unix_ms: 0 } }) audio_queue_pending_ms=20 isolated_audio_worker=false
2026-10-03T18:05:27.827113Z  INFO raydio::session: track finished generation=1 position_ms=564300 guild_id=1544468012491346110 queued_tracks=21
2026-10-03T18:05:27.830631Z  INFO raydio::session: track started generation=2 guild_id=1544468012491346110 queued_tracks=20
2026-10-03T18:06:01.674671Z  INFO crust_oto_adapter: voice diagnostic checkpoint connection_generation=1 connection_phase=Connected failure=None audio=Some(AudioSnapshot { generation: SourceGeneration(2), phase: Sending, failure: None, dave_failure: None, dave_context: None, stats: AudioStats { frames_sent: 29914, silence_frames_sent: 0, frames_unavailable: 0, skipped_deadlines: 0, send_failures: 0, source_overruns: 0, max_lateness: 17.232171ms, last_source_overrun_wall: 0ns, last_source_overrun_cpu: 0ns, active_send_gaps_40ms: 0, active_send_gaps_100ms: 0, active_send_gaps_1s: 0, max_active_send_gap: 0ns, last_active_send_gap: 0ns, last_active_send_gap_unix_ms: 0 } }) audio_queue_pending_ms=20 isolated_audio_worker=false
2026-10-03T18:07:01.673803Z  INFO crust_oto_adapter: voice diagnostic checkpoint connection_generation=1 connection_phase=Connected failure=None audio=Some(AudioSnapshot { generation: SourceGeneration(2), phase: Sending, failure: None, dave_failure: None, dave_context: None, stats: AudioStats { frames_sent: 32914, silence_frames_sent: 0, frames_unavailable: 0, skipped_deadlines: 0, send_failures: 0, source_overruns: 0, max_lateness: 17.232171ms, last_source_overrun_wall: 0ns, last_source_overrun_cpu: 0ns, active_send_gaps_40ms: 0, active_send_gaps_100ms: 0, active_send_gaps_1s: 0, max_active_send_gap: 0ns, last_active_send_gap: 0ns, last_active_send_gap_unix_ms: 0 } }) audio_queue_pending_ms=20 isolated_audio_worker=false
